124.205.66.194 - - [14/Nov/2011:14:50:08 +0800] "GET /blog/wp-admin/index-extra.php?jax=dashboard_secondary HTTP/1.1" 200 1444 "http://zhangchi.de/blog/wp-admin/" "Mozilla/5.0 (Macintosh; Intel Mac OS X 10_7_2) AppleWebKit/535.2 (KHTML, like Gecko) Chrome/15.0.874.120 Safari/535.2"
124.205.66.194 - - [14/Nov/2011:14:50:09 +0800] "GET /blog/wp-admin/index-extra.php?jax=dashboard_plugins HTTP/1.1" 200 555 "http://zhangchi.de/blog/wp-admin/" "Mozilla/5.0 (Macintosh; Intel Mac OS X 10_7_2) AppleWebKit/535.2 (KHTML, like Gecko) Chrome/15.0.874.120 Safari/535.2"
124.205.66.194 - - [14/Nov/2011:14:50:09 +0800] "GET /blog/wp-admin/index-extra.php?jax=dashboard_quick_press HTTP/1.1" 200 959 "http://zhangchi.de/blog/wp-admin/" "Mozilla/5.0 (Macintosh; Intel Mac OS X 10_7_2) AppleWebKit/535.2 (KHTML, like Gecko) Chrome/15.0.874.120 Safari/535.2"
124.205.66.194 - - [14/Nov/2011:14:50:10 +0800] "GET /blog/wp-admin/images/media-button-image.gif?ver=20100531 HTTP/1.1" 200 206 "http://zhangchi.de/blog/wp-admin/" "Mozilla/5.0 (Macintosh; Intel Mac OS X 10_7_2) AppleWebKit/535.2 (KHTML, like Gecko) Chrome/15.0.874.120 Safari/535.2"
124.205.66.194 - - [14/Nov/2011:14:50:10 +0800] "GET /blog/wp-admin/images/media-button-video.gif?ver=20100531 HTTP/1.1" 200 139 "http://zhangchi.de/blog/wp-admin/" "Mozilla/5.0 (Macintosh; Intel Mac OS X 10_7_2) AppleWebKit/535.2 (KHTML, like Gecko) Chrome/15.0.874.120 Safari/535.2"
124.205.66.194 - - [14/Nov/2011:14:50:10 +0800] "GET /blog/wp-admin/images/media-button-music.gif?ver=20100531 HTTP/1.1" 200 205 "http://zhangchi.de/blog/wp-admin/" "Mozilla/5.0 (Macintosh; Intel Mac OS X 10_7_2) AppleWebKit/535.2 (KHTML, like Gecko) Chrome/15.0.874.120 Safari/535.2"
124.205.66.194 - - [14/Nov/2011:14:50:10 +0800] "GET /blog/wp-admin/images/media-button-other.gif?ver=20100531 HTTP/1.1" 200 245 "http://zhangchi.de/blog/wp-admin/" "Mozilla/5.0 (Macintosh; Intel Mac OS X 10_7_2) AppleWebKit/535.2 (KHTML, like Gecko) Chrome/15.0.874.120 Safari/535.2"
124.205.66.194 - - [14/Nov/2011:14:52:12 +0800] "GET /blog/ HTTP/1.1" 200 19244 "-" "Mozilla/5.0 (Macintosh; Intel Mac OS X 10_7_2) AppleWebKit/535.2 (KHTML, like Gecko) Chrome/15.0.874.120 Safari/535.2"
124.205.66.194 - - [14/Nov/2011:14:52:15 +0800] "GET /favicon.ico HTTP/1.1" 200 1043 "-" "Mozilla/5.0 (Macintosh; Intel Mac OS X 10_7_2) AppleWebKit/535.2 (KHTML, like Gecko) Chrome/15.0.874.120 Safari/535.2"
124.205.66.194 - - [14/Nov/2011:14:53:32 +0800] "GET /blog/ HTTP/1.1" 404 143 "-" "Mozilla/5.0 (Macintosh; Intel Mac OS X 10_7_2) AppleWebKit/535.2 (KHTML, like Gecko) Chrome/15.0.874.120 Safari/535.2"
124.205.66.194 - - [14/Nov/2011:14:53:34 +0800] "GET /favicon.ico HTTP/1.1" 200 1043 "-" "Mozilla/5.0 (Macintosh; Intel Mac OS X 10_7_2) AppleWebKit/535.2 (KHTML, like Gecko) Chrome/15.0.874.120 Safari/535.2"
124.205.66.194 - - [14/Nov/2011:14:54:39 +0800] "GET /blog/ HTTP/1.1" 200 19244 "-" "Mozilla/5.0 (Macintosh; Intel Mac OS X 10_7_2) AppleWebKit/535.2 (KHTML, like Gecko) Chrome/15.0.874.120 Safari/535.2"
124.205.66.194 - - [14/Nov/2011:14:54:41 +0800] "GET /favicon.ico HTTP/1.1" 200 1043 "-" "Mozilla/5.0 (Macintosh; Intel Mac OS X 10_7_2) AppleWebKit/535.2 (KHTML, like Gecko) Chrome/15.0.874.120 Safari/535.2"
124.205.66.194 - - [14/Nov/2011:14:54:44 +0800] "GET /blog HTTP/1.1" 200 1043 "-" "Mozilla/5.0 (Macintosh; Intel Mac OS X 10_7_2) AppleWebKit/535.2 (KHTML, like Gecko) Chrome/15.0.874.120 Safari/535.2"
124.205.66.194 - - [14/Nov/2011:14:54:44 +0800] "GET /favicon.ico HTTP/1.1" 200 1043 "-" "Mozilla/5.0 (Macintosh; Intel Mac OS X 10_7_2) AppleWebKit/535.2 (KHTML, like Gecko) Chrome/15.0.874.120 Safari/535.2"
124.205.66.194 - - [14/Nov/2011:14:55:44 +0800] "GET /blog HTTP/1.1" 301 185 "-" "Mozilla/5.0 (Macintosh; Intel Mac OS X 10_7_2) AppleWebKit/535.2 (KHTML, like Gecko) Chrome/15.0.874.120 Safari/535.2"
124.205.66.194 - - [14/Nov/2011:14:55:44 +0800] "GET /blog/ HTTP/1.1" 200 19244 "-" "Mozilla/5.0 (Macintosh; Intel Mac OS X 10_7_2) AppleWebKit/535.2 (KHTML, like Gecko) Chrome/15.0.874.120 Safari/535.2"
124.205.66.194 - - [14/Nov/2011:14:55:46 +0800] "GET /favicon.ico HTTP/1.1" 200 1043 "-" "Mozilla/5.0 (Macintosh; Intel Mac OS X 10_7_2) AppleWebKit/535.2 (KHTML, like Gecko) Chrome/15.0.874.120 Safari/535.2"
124.205.66.194 - - [14/Nov/2011:14:55:47 +0800] "GET /blog HTTP/1.1" 301 185 "-" "Mozilla/5.0 (Macintosh; Intel Mac OS X 10_7_2) AppleWebKit/535.2 (KHTML, like Gecko) Chrome/15.0.874.120 Safari/535.2"
124.205.66.194 - - [14/Nov/2011:14:55:48 +0800] "GET /blog/ HTTP/1.1" 200 19244 "-" "Mozilla/5.0 (Macintosh; Intel Mac OS X 10_7_2) AppleWebKit/535.2 (KHTML, like Gecko) Chrome/15.0.874.120 Safari/535.2"
124.205.66.194 - - [14/Nov/2011:14:55:50 +0800] "GET /favicon.ico HTTP/1.1" 200 1043 "-" "Mozilla/5.0 (Macintosh; Intel Mac OS X 10_7_2) AppleWebKit/535.2 (KHTML, like Gecko) Chrome/15.0.874.120 Safari/535.2"
124.205.66.194 - - [14/Nov/2011:14:55:50 +0800] "GET /blog/ HTTP/1.1" 200 19244 "-" "Mozilla/5.0 (Macintosh; Intel Mac OS X 10_7_2) AppleWebKit/535.2 (KHTML, like Gecko) Chrome/15.0.874.120 Safari/535.2"
124.205.66.194 - - [14/Nov/2011:14:55:52 +0800] "GET /favicon.ico HTTP/1.1" 200 1043 "-" "Mozilla/5.0 (Macintosh; Intel Mac OS X 10_7_2) AppleWebKit/535.2 (KHTML, like Gecko) Chrome/15.0.874.120 Safari/535.2"
209.85.238.246 - - [14/Nov/2011:15:02:02 +0800] "GET /?feed=rss2 HTTP/1.1" 200 1043 "-" "Feedfetcher-Google; (+http://www.google.com/feedfetcher.html; 4 subscribers; feed-id=18364359641218126938)"
209.85.238.246 - - [14/Nov/2011:16:02:02 +0800] "GET /?feed=rss2 HTTP/1.1" 200 1043 "-" "Feedfetcher-Google; (+http://www.google.com/feedfetcher.html; 4 subscribers; feed-id=18364359641218126938)"
209.85.238.246 - - [14/Nov/2011:17:02:12 +0800] "GET /?feed=rss2 HTTP/1.1" 200 1043 "-" "Feedfetcher-Google; (+http://www.google.com/feedfetcher.html; 4 subscribers; feed-id=18364359641218126938)"
123.125.71.110 - - [14/Nov/2011:17:28:42 +0800] "GET / HTTP/1.1" 200 2063 "-" "Mozilla/5.0 (compatible; Baiduspider/2.0; +http://www.baidu.com/search/spider.html)"
220.181.108.173 - - [14/Nov/2011:17:28:57 +0800] "GET / HTTP/1.1" 200 2063 "-" "Mozilla/5.0 (compatible; Baiduspider/2.0; +http://www.baidu.com/search/spider.html)"
209.85.238.246 - - [14/Nov/2011:18:02:12 +0800] "GET /?feed=rss2 HTTP/1.1" 200 1043 "-" "Feedfetcher-Google; (+http://www.google.com/feedfetcher.html; 4 subscribers; feed-id=18364359641218126938)"
123.125.71.98 - - [14/Nov/2011:18:15:03 +0800] "GET /?feed=rss2 HTTP/1.1" 200 1043 "-" "Mozilla/5.0 (compatible; Baiduspider/2.0; +http://www.baidu.com/search/spider.html)"
180.76.6.26 - - [14/Nov/2011:18:17:17 +0800] "GET /robots.txt HTTP/1.1" 200 1043 "-" "Baiduspider+(+http://www.baidu.com/search/spider.htm)"
113.140.68.140 - - [14/Nov/2011:18:27:51 +0800] "GET /favicon.ico HTTP/1.1" 200 1043 "-" "Mozilla/4.0 (compatible; MSIE 8.0; Windows NT 6.1; Trident/4.0; SLCC2; .NET CLR 2.0.50727; .NET CLR 3.5.30729; .NET CLR 3.0.30729; Media Center PC 6.0; InfoPath.2; 360SE)"
113.140.68.140 - - [14/Nov/2011:18:27:51 +0800] "GET / HTTP/1.1" 200 1043 "http://www.baidu.com/s?wd=%B0%CB%D4%C2%D6%AE%B9%E2&pn=10" "Mozilla/4.0 (compatible; MSIE 8.0; Windows NT 6.1; Trident/4.0; SLCC2; .NET CLR 2.0.50727; .NET CLR 3.5.30729; .NET CLR 3.0.30729; Media Center PC 6.0; InfoPath.2; 360SE)"
113.140.68.140 - - [14/Nov/2011:18:30:46 +0800] "GET / HTTP/1.1" 200 1043 "http://www.baidu.com/s?wd=%B0%CB%D4%C2%D6%AE%B9%E2&pn=10" "Mozilla/4.0 (compatible; MSIE 8.0; Windows NT 6.1; Trident/4.0; SLCC2; .NET CLR 2.0.50727; .NET CLR 3.5.30729; .NET CLR 3.0.30729; Media Center PC 6.0; InfoPath.2; 360SE)"
31.128.83.225 - - [14/Nov/2011:18:48:59 +0800] "GET / HTTP/1.0" 200 2051 "http://zhangchi.de/" "Mozilla/5.0 (Windows NT 5.1; U; en) Opera 8.00"
209.85.238.246 - - [14/Nov/2011:19:02:22 +0800] "GET /?feed=rss2 HTTP/1.1" 200 1043 "-" "Feedfetcher-Google; (+http://www.google.com/feedfetcher.html; 4 subscribers; feed-id=18364359641218126938)"
123.125.71.116 - - [14/Nov/2011:19:24:03 +0800] "GET / HTTP/1.1" 200 2063 "-" "Mozilla/5.0 (compatible; Baiduspider/2.0; +http://www.baidu.com/search/spider.html)"
220.181.108.179 - - [14/Nov/2011:19:24:08 +0800] "GET / HTTP/1.1" 200 2063 "-" "Mozilla/5.0 (compatible; Baiduspider/2.0; +http://www.baidu.com/search/spider.html)"
58.100.87.45 - - [14/Nov/2011:19:59:07 +0800] "GET /wp-content/uploads/2010/08/2010-08-07+15.51.53.jpg HTTP/1.1" 200 1043 "http://image.baidu.com/i?ct=503316480&z=9&tn=baiduimagedetail&word=ubuntu+%B1%DA%D6%BD&in=28610&cl=2&lm=-1&pn=128&rn=1&di=39883212345&ln=205&fr=&fmq=&ic=0&s=0&se=1&sme=0&tab=&width=&height=&face=0&is=&istype=2" "Mozilla/4.0 (compatible; MSIE 7.0; Windows NT 5.1; Trident/4.0; .NET CLR 2.0.50727; .NET CLR 3.0.04506.648; .NET CLR 3.5.30729)"
209.85.238.246 - - [14/Nov/2011:20:02:22 +0800] "GET /?feed=rss2 HTTP/1.1" 200 1043 "-" "Feedfetcher-Google; (+http://www.google.com/feedfetcher.html; 4 subscribers; feed-id=18364359641218126938)"
124.115.6.16 - - [14/Nov/2011:20:32:11 +0800] "GET /robots.txt HTTP/1.1" 200 1043 "-" "Sosospider+(+http://help.soso.com/webspider.htm)"
209.85.238.246 - - [14/Nov/2011:21:02:22 +0800] "GET /?feed=rss2 HTTP/1.1" 200 1043 "-" "Feedfetcher-Google; (+http://www.google.com/feedfetcher.html; 4 subscribers; feed-id=18364359641218126938)"
124.205.66.194 - - [14/Nov/2011:21:13:14 +0800] "GET / HTTP/1.1" 200 1043 "-" "Mozilla/5.0 (Macintosh; Intel Mac OS X 10_7_2) AppleWebKit/535.2 (KHTML, like Gecko) Chrome/15.0.874.120 Safari/535.2"
124.205.66.194 - - [14/Nov/2011:21:13:15 +0800] "GET /favicon.ico HTTP/1.1" 200 1043 "-" "Mozilla/5.0 (Macintosh; Intel Mac OS X 10_7_2) AppleWebKit/535.2 (KHTML, like Gecko) Chrome/15.0.874.120 Safari/535.2"
124.115.0.26 - - [14/Nov/2011:21:32:33 +0800] "GET / HTTP/1.1" 200 1043 "-" "Sosospider+(+http://help.soso.com/webspider.htm)"
209.85.238.246 - - [14/Nov/2011:22:02:32 +0800] "GET /?feed=rss2 HTTP/1.1" 200 1043 "-" "Feedfetcher-Google; (+http://www.google.com/feedfetcher.html; 4 subscribers; feed-id=18364359641218126938)"
123.125.71.19 - - [14/Nov/2011:22:12:11 +0800] "GET /?p=148&utm_source=rss&utm_medium=rss&utm_campaign=%25e5%2590%258c%25e6%25ad%25a5%25e4%25b8%25a4%25e5%258f%25b0mac HTTP/1.1" 200 1043 "-" "Mozilla/5.0 (compatible; Baiduspider/2.0; +http://www.baidu.com/search/spider.html)"
220.181.108.179 - - [14/Nov/2011:22:28:51 +0800] "GET / HTTP/1.1" 200 2063 "-" "Mozilla/5.0 (compatible; Baiduspider/2.0; +http://www.baidu.com/search/spider.html)"
123.125.71.102 - - [14/Nov/2011:22:30:27 +0800] "GET / HTTP/1.1" 200 2063 "-" "Mozilla/5.0 (compatible; Baiduspider/2.0; +http://www.baidu.com/search/spider.html)"
209.85.238.246 - - [14/Nov/2011:23:02:32 +0800] "GET /?feed=rss2 HTTP/1.1" 200 1043 "-" "Feedfetcher-Google; (+http://www.google.com/feedfetcher.html; 4 subscribers; feed-id=18364359641218126938)"
123.125.71.83 - - [14/Nov/2011:23:12:08 +0800] "GET / HTTP/1.1" 200 1043 "-" "Mozilla/5.0 (compatible; Baiduspider/2.0; +http://www.baidu.com/search/spider.html)"
123.125.71.49 - - [14/Nov/2011:23:12:11 +0800] "GET /?feed=rss2&tag=pinboard HTTP/1.1" 200 1043 "-" "Mozilla/5.0 (compatible; Baiduspider/2.0; +http://www.baidu.com/search/spider.html)"
219.136.29.227 - - [14/Nov/2011:23:13:14 +0800] "GET /wp-content/uploads/2010/08/2010-08-07+15.51.53.jpg HTTP/1.1" 200 1043 "http://image.baidu.com/i?ct=503316480&z=9&tn=baiduimagedetail&word=%C6%BB%B9%FB%B1%CA%BC%C7%B1%BE%D7%C0%C3%E6%B1%DA%D6%BD&in=25925&cl=2&lm=-1&pn=36&rn=1&di=41442825930&ln=202&fr=&fmq=&ic=&s=&se=&sme=0&tab=&width=&height=&face=&is=&istype=2" "Mozilla/4.0 (compatible; MSIE 6.0; Windows NT 5.1; SV1)"
219.136.29.227 - - [14/Nov/2011:23:13:27 +0800] "GET /wp-content/uploads/2010/08/2010-08-07+15.51.53.jpg HTTP/1.1" 200 1043 "http://image.baidu.com/i?ct=503316480&z=9&tn=baiduimagedetail&word=%C6%BB%B9%FB%B1%CA%BC%C7%B1%BE%D7%C0%C3%E6%B1%DA%D6%BD&in=25925&cl=2&lm=-1&pn=36&rn=1&di=41442825930&ln=202&fr=&fmq=&ic=&s=&se=&sme=0&tab=&width=&height=&face=&is=&istype=2" "Mozilla/4.0 (compatible; MSIE 6.0; Windows NT 5.1; SV1)"
219.136.29.227 - - [14/Nov/2011:23:13:31 +0800] "GET /wp-content/uploads/2010/08/2010-08-07+15.51.53.jpg HTTP/1.1" 200 1043 "http://image.baidu.com/i?ct=503316480&z=9&tn=baiduimagedetail&word=%C6%BB%B9%FB%B1%CA%BC%C7%B1%BE%D7%C0%C3%E6%B1%DA%D6%BD&in=25925&cl=2&lm=-1&pn=36&rn=1&di=41442825930&ln=202&fr=&fmq=&ic=&s=&se=&sme=0&tab=&width=&height=&face=&is=&istype=2" "Mozilla/4.0 (compatible; MSIE 6.0; Windows NT 5.1; SV1)"
220.181.108.168 - - [14/Nov/2011:23:29:29 +0800] "GET / HTTP/1.1" 200 2063 "-" "Mozilla/5.0 (compatible; Baiduspider/2.0; +http://www.baidu.com/search/spider.html)"
123.125.71.102 - - [14/Nov/2011:23:30:49 +0800] "GET / HTTP/1.1" 200 2063 "-" "Mozilla/5.0 (compatible; Baiduspider/2.0; +http://www.baidu.com/search/spider.html)"
209.85.238.246 - - [15/Nov/2011:00:02:42 +0800] "GET /?feed=rss2 HTTP/1.1" 200 1043 "-" "Feedfetcher-Google; (+http://www.google.com/feedfetcher.html; 4 subscribers; feed-id=18364359641218126938)"
74.125.52.94 - - [15/Nov/2011:00:08:42 +0800] "GET /favicon.ico HTTP/1.1" 200 1043 "-" "-"
184.172.0.211 - - [15/Nov/2011:00:26:21 +0800] "GET //?p=210 HTTP/1.1" 200 2063 "-" "Mozilla/5.0 (Macintosh; U; Intel Mac OS X 10.5; en-US; rv:1.9.0.7) Gecko/2009021906 Firefox/3.0.7"
61.135.172.68 - - [15/Nov/2011:00:38:32 +0800] "GET /wp-content/uploads/2011/07/01.02.aol_.png HTTP/1.0" 200 2051 "http://image.baidu.com/i?ct=503316480&z=&tn=baiduimagedetail&word=%CD%F8%D2%B3%B4%F2%BF%AA%CB%D9%B6%C8%D3%B0%CF%EC%D7%AA%BB%AF&in=30702&cl=2&lm=-1&pn=82&rn=1&di=12240019665&ln=2000&fr=&fmq=&ic=0&s=0&se=1&sme=0&tab=&width=&height=&face=0&is=&istype=2" "Mozilla/4.0 (compatible; MSIE 8.0; Windows NT 6.1; Trident/4.0; SLCC2; .NET CLR 2.0.50727; .NET CLR 3.5.30729; .NET CLR 3.0.30729; Media Center PC 6.0; InfoPath.2)"
61.135.172.68 - - [15/Nov/2011:00:38:44 +0800] "GET /?feed=atom&p=0 HTTP/1.0" 200 2051 "http://image.baidu.com/i?tn=baiduimage&ct=201326592&cl=2&lm=-1&fr=&sf=1&fmq=&pv=&ic=0&z=&se=1&showtab=0&fb=0&width=&height=&face=0&istype=2&word=%CD%F8%D2%B3%B4%F2%BF%AA%CB%D9%B6%C8%D3%B0%CF%EC%D7%AA%BB%AF&s=0" "Mozilla/4.0 (compatible; MSIE 8.0; Windows NT 6.1; Trident/4.0; SLCC2; .NET CLR 2.0.50727; .NET CLR 3.5.30729; .NET CLR 3.0.30729; Media Center PC 6.0; InfoPath.2)"
61.135.172.68 - - [15/Nov/2011:00:38:44 +0800] "GET /favicon.ico HTTP/1.0" 200 2051 "-" "Mozilla/4.0 (compatible; MSIE 8.0; Windows NT 6.1; Trident/4.0; SLCC2; .NET CLR 2.0.50727; .NET CLR 3.5.30729; .NET CLR 3.0.30729; Media Center PC 6.0; InfoPath.2)"
61.135.172.68 - - [15/Nov/2011:00:38:45 +0800] "GET /favicon.ico HTTP/1.0" 200 2051 "-" "Mozilla/4.0 (compatible; MSIE 8.0; Windows NT 6.1; Trident/4.0; SLCC2; .NET CLR 2.0.50727; .NET CLR 3.5.30729; .NET CLR 3.0.30729; Media Center PC 6.0; InfoPath.2)"
209.85.238.246 - - [15/Nov/2011:01:02:43 +0800] "GET /?feed=rss2 HTTP/1.1" 200 1043 "-" "Feedfetcher-Google; (+http://www.google.com/feedfetcher.html; 4 subscribers; feed-id=18364359641218126938)"
61.135.190.221 - - [15/Nov/2011:01:50:42 +0800] "GET /wp-content/uploads/2011/07/01.02.aol_.png HTTP/1.0" 200 2051 "http://image.baidu.com/" "Mozilla/4.0i(compatible;MSIE 6.0)"
123.125.71.114 - - [15/Nov/2011:02:01:53 +0800] "GET /robots.txt HTTP/1.1" 200 1043 "-" "Baiduspider+(+http://www.baidu.com/search/spider.htm)"
209.85.238.246 - - [15/Nov/2011:02:02:52 +0800] "GET /?feed=rss2 HTTP/1.1" 200 1043 "-" "Feedfetcher-Google; (+http://www.google.com/feedfetcher.html; 4 subscribers; feed-id=18364359641218126938)"
123.125.71.31 - - [15/Nov/2011:02:12:15 +0800] "GET /?p=128&utm_source=rss&utm_medium=rss&utm_campaign=ipad%25e5%2585%25a5%25e6%2589%258b HTTP/1.1" 200 1043 "-" "Mozilla/5.0 (compatible; Baiduspider/2.0; +http://www.baidu.com/search/spider.html)"
123.125.71.110 - - [15/Nov/2011:02:24:04 +0800] "GET / HTTP/1.1" 200 2063 "-" "Mozilla/5.0 (compatible; Baiduspider/2.0; +http://www.baidu.com/search/spider.html)"
220.181.108.179 - - [15/Nov/2011:02:24:05 +0800] "GET / HTTP/1.1" 200 2063 "-" "Mozilla/5.0 (compatible; Baiduspider/2.0; +http://www.baidu.com/search/spider.html)"
209.85.238.246 - - [15/Nov/2011:03:02:52 +0800] "GET /?feed=rss2 HTTP/1.1" 200 1043 "-" "Feedfetcher-Google; (+http://www.google.com/feedfetcher.html; 4 subscribers; feed-id=18364359641218126938)"
123.125.71.106 - - [15/Nov/2011:03:28:13 +0800] "GET / HTTP/1.1" 200 2063 "-" "Mozilla/5.0 (compatible; Baiduspider/2.0; +http://www.baidu.com/search/spider.html)"
220.181.108.182 - - [15/Nov/2011:03:28:21 +0800] "GET / HTTP/1.1" 200 2063 "-" "Mozilla/5.0 (compatible; Baiduspider/2.0; +http://www.baidu.com/search/spider.html)"
209.85.238.246 - - [15/Nov/2011:04:03:02 +0800] "GET /?feed=rss2 HTTP/1.1" 200 1043 "-" "Feedfetcher-Google; (+http://www.google.com/feedfetcher.html; 4 subscribers; feed-id=18364359641218126938)"
209.85.238.246 - - [15/Nov/2011:05:03:12 +0800] "GET /?feed=rss2 HTTP/1.1" 200 1043 "-" "Feedfetcher-Google; (+http://www.google.com/feedfetcher.html; 4 subscribers; feed-id=18364359641218126938)"
123.125.71.108 - - [15/Nov/2011:05:28:50 +0800] "GET / HTTP/1.1" 200 2063 "-" "Mozilla/5.0 (compatible; Baiduspider/2.0; +http://www.baidu.com/search/spider.html)"
220.181.108.79 - - [15/Nov/2011:05:28:51 +0800] "GET / HTTP/1.1" 200 2063 "-" "Mozilla/5.0 (compatible; Baiduspider/2.0; +http://www.baidu.com/search/spider.html)"
209.85.238.246 - - [15/Nov/2011:06:03:12 +0800] "GET /?feed=rss2 HTTP/1.1" 200 1043 "-" "Feedfetcher-Google; (+http://www.google.com/feedfetcher.html; 4 subscribers; feed-id=18364359641218126938)"
124.115.0.162 - - [15/Nov/2011:06:25:33 +0800] "GET / HTTP/1.1" 200 1043 "-" "Sosospider+(+http://help.soso.com/webspider.htm)"
94.100.31.130 - - [15/Nov/2011:06:56:11 +0800] "GET /?p=195 HTTP/1.0" 200 2051 "http://zhangchi.de/?p=195#comment-108" "Mozilla/4.0 (compatible; MSIE 6.0; Windows NT 5.1; en) Opera 9.0"
209.85.238.246 - - [15/Nov/2011:07:03:22 +0800] "GET /?feed=rss2 HTTP/1.1" 200 1043 "-" "Feedfetcher-Google; (+http://www.google.com/feedfetcher.html; 4 subscribers; feed-id=18364359641218126938)"
209.85.238.246 - - [15/Nov/2011:08:03:22 +0800] "GET /?feed=rss2 HTTP/1.1" 200 1043 "-" "Feedfetcher-Google; (+http://www.google.com/feedfetcher.html; 4 subscribers; feed-id=18364359641218126938)"
123.125.71.101 - - [15/Nov/2011:08:11:34 +0800] "GET /?p=28 HTTP/1.1" 200 1043 "-" "Mozilla/5.0 (compatible; Baiduspider/2.0; +http://www.baidu.com/search/spider.html)"
123.125.71.104 - - [15/Nov/2011:08:24:05 +0800] "GET / HTTP/1.1" 200 2063 "-" "Mozilla/5.0 (compatible; Baiduspider/2.0; +http://www.baidu.com/search/spider.html)"
220.181.108.182 - - [15/Nov/2011:08:24:12 +0800] "GET / HTTP/1.1" 200 2063 "-" "Mozilla/5.0 (compatible; Baiduspider/2.0; +http://www.baidu.com/search/spider.html)"
209.85.238.246 - - [15/Nov/2011:09:03:22 +0800] "GET /?feed=rss2 HTTP/1.1" 200 1043 "-" "Feedfetcher-Google; (+http://www.google.com/feedfetcher.html; 4 subscribers; feed-id=18364359641218126938)"
66.249.69.214 - - [15/Nov/2011:09:10:12 +0800] "GET /robots.txt HTTP/1.1" 200 1043 "-" "Mozilla/5.0 (compatible; Googlebot/2.1; +http://www.google.com/bot.html)"
209.85.238.246 - - [15/Nov/2011:09:10:12 +0800] "GET / HTTP/1.1" 200 1043 "-" "DoCoMo/2.0 N905i(c100;TB;W24H16) (compatible; Googlebot-Mobile/2.1; +http://www.google.com/bot.html)"
218.89.64.23 - - [15/Nov/2011:09:54:37 +0800] "GET /wp-content/uploads/2010/08/2010-08-07+15.51.53.jpg HTTP/1.1" 200 1043 "http://image.baidu.com/i?ct=503316480&z=&tn=baiduimagedetail&word=mac+mini+%CF%E3%B8%DB%B5%C4%BB%FA%B4%F2%B7%A2%C6%B1&in=28610&cl=2&lm=-1&pn=192&rn=1&di=39883212345&ln=2000&fr=&fmq=&ic=0&s=0&se=1&sme=0&tab=&width=&height=&face=0&is=&istype=2" "Mozilla/4.0 (compatible; MSIE 6.0; Windows NT 5.1; SV1; .NET CLR 1.1.4322; .NET CLR 2.0.50727; .NET CLR 3.0.4506.2152; .NET CLR 3.5.30729; InfoPath.2)"
209.85.238.246 - - [15/Nov/2011:10:03:32 +0800] "GET /?feed=rss2 HTTP/1.1" 200 1043 "-" "Feedfetcher-Google; (+http://www.google.com/feedfetcher.html; 4 subscribers; feed-id=18364359641218126938)"
218.89.64.23 - - [15/Nov/2011:10:04:08 +0800] "GET /wp-content/uploads/2010/08/2010-08-07+15.51.53.jpg HTTP/1.1" 200 1043 "http://image.baidu.com/i?ct=503316480&z=&tn=baiduimagedetail&word=mac+mini+%CF%E3%B8%DB%B5%C4%BB%FA%B4%F2%B7%A2%C6%B1&in=28610&cl=2&lm=-1&pn=192&rn=1&di=39883212345&ln=2000&fr=&fmq=&ic=0&s=0&se=1&sme=0&tab=&width=&height=&face=0&is=&istype=2" "Mozilla/4.0 (compatible; MSIE 6.0; Windows NT 5.1; SV1; .NET CLR 1.1.4322; .NET CLR 2.0.50727; .NET CLR 3.0.4506.2152; .NET CLR 3.5.30729; InfoPath.2)"
218.89.64.23 - - [15/Nov/2011:10:04:11 +0800] "GET /?p=75&utm_source=rss&utm_medium=rss&utm_campaign=mac-mini%25e5%2585%25a5%25e6%2589%258b HTTP/1.1" 200 1043 "http://image.baidu.com/i?ct=503316480&z=&tn=baiduimagedetail&word=mac+mini+%CF%E3%B8%DB%B5%C4%BB%FA%B4%F2%B7%A2%C6%B1&in=28610&cl=2&lm=-1&pn=192&rn=1&di=39883212345&ln=2000&fr=&fmq=&ic=0&s=0&se=1&sme=0&tab=&width=&height=&face=0&is=&istype=2" "Mozilla/4.0 (compatible; MSIE 6.0; Windows NT 5.1; SV1; .NET CLR 1.1.4322; .NET CLR 2.0.50727; .NET CLR 3.0.4506.2152; .NET CLR 3.5.30729; InfoPath.2)"
218.89.64.23 - - [15/Nov/2011:10:05:06 +0800] "GET /?paged=2 HTTP/1.1" 200 1043 "http://www.baidu.com/s?bs=mac+mini+%CF%E3%B8%DB%B5%C4%BB%FA%B4%F2%B7%A2%C6%B1&f=8&rsv_bp=1&wd=%C8%EB%CA%D6mac%2Cmac+mini%CA%C7%D7%EE%B1%E3%D2%CB%B5%C4...&n=2&inputT=5922" "Mozilla/4.0 (compatible; MSIE 6.0; Windows NT 5.1; SV1; .NET CLR 1.1.4322; .NET CLR 2.0.50727; .NET CLR 3.0.4506.2152; .NET CLR 3.5.30729; InfoPath.2)"
218.89.64.23 - - [15/Nov/2011:10:05:11 +0800] "GET /wp-content/themes/cleanr/style.css HTTP/1.1" 200 1043 "http://cache.baidu.com/c?m=9d78d513d9d430a54f9ae4697c65c0101d438113638481027fa5cc1bc2735b30183dbfe030236013a2b66b1604b8482cfd863365407437b6ebdff849cacc933f59883045000b873105a31eb8ba4032c050875a9eb81897adf04584afa2c4df23478d135b75dab6cd181715b972ed5c6bb0facc194f0407ba9a6632e24e765ddd7015e111eee1446e&p=81759a4ed28208fc57e9c1395651&user=baidu&fm=sc&query=%C8%EB%CA%D6mac%2Cmac+mini%CA%C7%D7%EE%B1%E3%D2%CB%B5%C4%2E%2E%2E&qid=a86867321fae51a0&p1=7" "Mozilla/4.0 (compatible; MSIE 6.0; Windows NT 5.1; SV1; .NET CLR 1.1.4322; .NET CLR 2.0.50727; .NET CLR 3.0.4506.2152; .NET CLR 3.5.30729; InfoPath.2)"
218.89.64.23 - - [15/Nov/2011:10:05:12 +0800] "GET /wp-content/themes/cleanr/css/ie.css HTTP/1.1" 200 1043 "http://cache.baidu.com/c?m=9d78d513d9d430a54f9ae4697c65c0101d438113638481027fa5cc1bc2735b30183dbfe030236013a2b66b1604b8482cfd863365407437b6ebdff849cacc933f59883045000b873105a31eb8ba4032c050875a9eb81897adf04584afa2c4df23478d135b75dab6cd181715b972ed5c6bb0facc194f0407ba9a6632e24e765ddd7015e111eee1446e&p=81759a4ed28208fc57e9c1395651&user=baidu&fm=sc&query=%C8%EB%CA%D6mac%2Cmac+mini%CA%C7%D7%EE%B1%E3%D2%CB%B5%C4%2E%2E%2E&qid=a86867321fae51a0&p1=7" "Mozilla/4.0 (compatible; MSIE 6.0; Windows NT 5.1; SV1; .NET CLR 1.1.4322; .NET CLR 2.0.50727; .NET CLR 3.0.4506.2152; .NET CLR 3.5.30729; InfoPath.2)"
218.89.64.23 - - [15/Nov/2011:10:05:12 +0800] "GET /wp-content/uploads/2010/08/2010-08-07+15.51.53.jpg HTTP/1.1" 200 1043 "http://cache.baidu.com/c?m=9d78d513d9d430a54f9ae4697c65c0101d438113638481027fa5cc1bc2735b30183dbfe030236013a2b66b1604b8482cfd863365407437b6ebdff849cacc933f59883045000b873105a31eb8ba4032c050875a9eb81897adf04584afa2c4df23478d135b75dab6cd181715b972ed5c6bb0facc194f0407ba9a6632e24e765ddd7015e111eee1446e&p=81759a4ed28208fc57e9c1395651&user=baidu&fm=sc&query=%C8%EB%CA%D6mac%2Cmac+mini%CA%C7%D7%EE%B1%E3%D2%CB%B5%C4%2E%2E%2E&qid=a86867321fae51a0&p1=7" "Mozilla/4.0 (compatible; MSIE 6.0; Windows NT 5.1; SV1; .NET CLR 1.1.4322; .NET CLR 2.0.50727; .NET CLR 3.0.4506.2152; .NET CLR 3.5.30729; InfoPath.2)"
218.89.64.23 - - [15/Nov/2011:10:05:12 +0800] "GET /wp-content/uploads/2010/07/ENIMAGE1279241919437.jpg HTTP/1.1" 200 1043 "http://cache.baidu.com/c?m=9d78d513d9d430a54f9ae4697c65c0101d438113638481027fa5cc1bc2735b30183dbfe030236013a2b66b1604b8482cfd863365407437b6ebdff849cacc933f59883045000b873105a31eb8ba4032c050875a9eb81897adf04584afa2c4df23478d135b75dab6cd181715b972ed5c6bb0facc194f0407ba9a6632e24e765ddd7015e111eee1446e&p=81759a4ed28208fc57e9c1395651&user=baidu&fm=sc&query=%C8%EB%CA%D6mac%2Cmac+mini%CA%C7%D7%EE%B1%E3%D2%CB%B5%C4%2E%2E%2E&qid=a86867321fae51a0&p1=7" "Mozilla/4.0 (compatible; MSIE 6.0; Windows NT 5.1; SV1; .NET CLR 1.1.4322; .NET CLR 2.0.50727; .NET CLR 3.0.4506.2152; .NET CLR 3.5.30729; InfoPath.2)"
218.89.64.23 - - [15/Nov/2011:10:05:12 +0800] "GET /wp-content/themes/cleanr/images/search_magnifier.gif HTTP/1.1" 200 1043 "http://cache.baidu.com/c?m=9d78d513d9d430a54f9ae4697c65c0101d438113638481027fa5cc1bc2735b30183dbfe030236013a2b66b1604b8482cfd863365407437b6ebdff849cacc933f59883045000b873105a31eb8ba4032c050875a9eb81897adf04584afa2c4df23478d135b75dab6cd181715b972ed5c6bb0facc194f0407ba9a6632e24e765ddd7015e111eee1446e&p=81759a4ed28208fc57e9c1395651&user=baidu&fm=sc&query=%C8%EB%CA%D6mac%2Cmac+mini%CA%C7%D7%EE%B1%E3%D2%CB%B5%C4%2E%2E%2E&qid=a86867321fae51a0&p1=7" "Mozilla/4.0 (compatible; MSIE 6.0; Windows NT 5.1; SV1; .NET CLR 1.1.4322; .NET CLR 2.0.50727; .NET CLR 3.0.4506.2152; .NET CLR 3.5.30729; InfoPath.2)"
220.181.51.225 - - [15/Nov/2011:10:52:45 +0800] "GET /wp-content/uploads/2010/08/2010-08-07 HTTP/1.0" 200 2051 "http://image.baidu.com/" "Mozilla/4.0i(compatible;MSIE 6.0)"
209.85.238.246 - - [15/Nov/2011:11:03:32 +0800] "GET /?feed=rss2 HTTP/1.1" 200 1043 "-" "Feedfetcher-Google; (+http://www.google.com/feedfetcher.html; 4 subscribers; feed-id=18364359641218126938)"
27.159.205.146 - - [15/Nov/2011:11:17:10 +0800] "GET /?p=195 HTTP/1.0" 200 2051 "http://zhangchi.de/?p=195" "Mozilla/4.0 (compatible; MSIE 6.0; Windows NT 5.1; Q312461)"
27.159.205.146 - - [15/Nov/2011:11:17:11 +0800] "GET /?p=195 HTTP/1.0" 200 2051 "http://zhangchi.de/?p=195" "Mozilla/4.0 (compatible; MSIE 6.0; Windows NT 5.1; Q312461)"
27.159.205.146 - - [15/Nov/2011:11:17:11 +0800] "GET /?p=195 HTTP/1.0" 200 2051 "http://zhangchi.de/?p=195" "Mozilla/4.0 (compatible; MSIE 6.0; Windows NT 5.1; Q312461)"
59.60.121.126 - - [15/Nov/2011:11:21:15 +0800] "GET /favicon.ico HTTP/1.1" 200 2063 "-" "Mozilla/4.0 (compatible; MSIE 7.0; Windows NT 5.1; Trident/4.0; .NET CLR 2.0.50727; 360space)"
220.181.108.166 - - [15/Nov/2011:11:28:16 +0800] "GET / HTTP/1.1" 200 2063 "-" "Mozilla/5.0 (compatible; Baiduspider/2.0; +http://www.baidu.com/search/spider.html)"
123.125.71.100 - - [15/Nov/2011:11:29:09 +0800] "GET / HTTP/1.1" 200 2063 "-" "Mozilla/5.0 (compatible; Baiduspider/2.0; +http://www.baidu.com/search/spider.html)"
66.249.69.214 - - [15/Nov/2011:11:37:40 +0800] "GET /?p=64 HTTP/1.1" 200 1043 "-" "Mozilla/5.0 (compatible; Googlebot/2.1; +http://www.google.com/bot.html)"
209.85.238.246 - - [15/Nov/2011:12:03:32 +0800] "GET /?feed=rss2 HTTP/1.1" 200 1043 "-" "Feedfetcher-Google; (+http://www.google.com/feedfetcher.html; 4 subscribers; feed-id=18364359641218126938)"
209.85.238.246 - - [15/Nov/2011:13:03:32 +0800] "GET /?feed=rss2 HTTP/1.1" 200 1043 "-" "Feedfetcher-Google; (+http://www.google.com/feedfetcher.html; 4 subscribers; feed-id=18364359641218126938)"
209.85.238.246 - - [15/Nov/2011:14:03:32 +0800] "GET /?feed=rss2 HTTP/1.1" 200 1043 "-" "Feedfetcher-Google; (+http://www.google.com/feedfetcher.html; 4 subscribers; feed-id=18364359641218126938)"
209.85.238.246 - - [15/Nov/2011:15:03:32 +0800] "GET /?feed=rss2 HTTP/1.1" 200 1043 "-" "Feedfetcher-Google; (+http://www.google.com/feedfetcher.html; 4 subscribers; feed-id=18364359641218126938)"
66.249.69.214 - - [15/Nov/2011:15:44:58 +0800] "GET /robots.txt HTTP/1.1" 200 1043 "-" "Mozilla/5.0 (compatible; Googlebot/2.1; +http://www.google.com/bot.html)"
66.249.69.214 - - [15/Nov/2011:15:44:58 +0800] "GET / HTTP/1.1" 200 1043 "-" "SAMSUNG-SGH-E250/1.0 Profile/MIDP-2.0 Configuration/CLDC-1.1 UP.Browser/6.2.3.3.c.1.101 (GUI) MMP/2.0 (compatible; Googlebot-Mobile/2.1; +http://www.google.com/bot.html)"
207.46.12.156 - - [15/Nov/2011:15:58:22 +0800] "GET /?tag=pinboard HTTP/1.1" 200 1043 "-" "Mozilla/4.0 (compatible; MSIE 7.0; Windows NT 5.2;  SV1;  .NET CLR 1.1.4325;  .NET CLR 2.0.50727;  .NET CLR 3.0.04506.648)"
209.85.238.246 - - [15/Nov/2011:16:03:32 +0800] "GET /?feed=rss2 HTTP/1.1" 200 1043 "-" "Feedfetcher-Google; (+http://www.google.com/feedfetcher.html; 4 subscribers; feed-id=18364359641218126938)"
119.255.13.113 - - [15/Nov/2011:16:32:27 +0800] "GET /?p=139 HTTP/1.1" 200 1043 "http://www.google.com/url?sa=t&rct=j&q=&esrc=s&source=web&cd=16&ved=0CEkQFjAFOAo&url=http%3A%2F%2Fzhangchi.de%2F%3Fp%3D139&ei=gSPCTrGXEayfiAeCrYjyDQ&usg=AFQjCNEyVXdu3NqEOT9-0xPrC8mC2FNZpg&sig2=qgHjjNYCpEiZf7wucYwY6A" "Mozilla/5.0 (X11; Linux i686) AppleWebKit/535.8 (KHTML, like Gecko) Chrome/17.0.932.0 Safari/535.8"
119.255.13.113 - - [15/Nov/2011:16:32:27 +0800] "GET /favicon.ico HTTP/1.1" 200 1043 "-" "Mozilla/5.0 (X11; Linux i686) AppleWebKit/535.8 (KHTML, like Gecko) Chrome/17.0.932.0 Safari/535.8"
209.85.238.246 - - [15/Nov/2011:17:03:42 +0800] "GET /?feed=rss2 HTTP/1.1" 200 1043 "-" "Feedfetcher-Google; (+http://www.google.com/feedfetcher.html; 4 subscribers; feed-id=18364359641218126938)"
61.135.216.104 - - [15/Nov/2011:17:08:22 +0800] "GET /?feed=rss2 HTTP/1.1" 200 2063 "-" "Mozilla/5.0 (compatible;YoudaoFeedFetcher/1.0;http://www.youdao.com/help/reader/faq/topic006/;2 subscribers;)"
66.249.69.214 - - [15/Nov/2011:17:28:15 +0800] "GET /?p=91 HTTP/1.1" 200 1043 "-" "Mozilla/5.0 (compatible; Googlebot/2.1; +http://www.google.com/bot.html)"
220.181.108.181 - - [15/Nov/2011:17:30:55 +0800] "GET / HTTP/1.1" 200 2063 "-" "Mozilla/5.0 (compatible; Baiduspider/2.0; +http://www.baidu.com/search/spider.html)"
123.125.71.99 - - [15/Nov/2011:17:30:58 +0800] "GET / HTTP/1.1" 200 2063 "-" "Mozilla/5.0 (compatible; Baiduspider/2.0; +http://www.baidu.com/search/spider.html)"
74.125.126.85 - - [15/Nov/2011:17:40:51 +0800] "GET /favicon.ico HTTP/1.1" 200 1043 "-" "-"
209.85.238.246 - - [15/Nov/2011:18:03:42 +0800] "GET /?feed=rss2 HTTP/1.1" 200 1043 "-" "Feedfetcher-Google; (+http://www.google.com/feedfetcher.html; 4 subscribers; feed-id=18364359641218126938)"
124.115.1.62 - - [15/Nov/2011:18:29:07 +0800] "GET / HTTP/1.1" 200 2063 "-" "Mozilla/4.0 (compatible; MSIE 6.0; Windows NT 5.1)"
125.44.77.233 - - [15/Nov/2011:18:32:06 +0800] "GET /wp-content/uploads/2010/08/2010-08-07+15.51.53.jpg HTTP/1.1" 200 1043 "http://image.baidu.com/i?ct=503316480&z=&tn=baiduimagedetail&word=%CE%DE%CF%DF%BC%FC%C5%CC%BA%C3%D3%C3%C2%F0&in=15347&cl=&lm=-1&pn=62&rn=1&di=37264459995&ln=356&fr=&fmq=&ic=&s=&se=&sme=0&tab=&width=&height=&face=&is=&istype=" "Mozilla/4.0 (compatible; MSIE 8.0; Windows NT 5.1; Trident/4.0)"
123.125.166.53 - - [15/Nov/2011:19:02:38 +0800] "GET /?paged=2 HTTP/1.1" 200 1043 "http://www.google.com.hk/url?sa=t&rct=j&q=thinkpad%2B%25E7%25B3%25BB%25E7%25BB%259F%25E9%2587%258D%25E5%2590%25AF%2B%25E5%2587%25BA%25E7%258E%25B0boot%2Berror&source=web&cd=38&ved=0CGEQFjAHOB4&url=http%3A%2F%2Fzhangchi.de%2F%3Fpaged%3D2&ei=IkTCTq71NomriAf76qmRDg&usg=AFQjCNGuuPyHpGrzWdggkFASfPsXCLR1nQ&cad=rjt" "Mozilla/5.0 (Windows NT 5.1) AppleWebKit/535.2 (KHTML, like Gecko) Chrome/15.0.874.106 Safari/535.2"
123.125.166.53 - - [15/Nov/2011:19:02:39 +0800] "GET /favicon.ico HTTP/1.1" 200 1043 "-" "Mozilla/5.0 (Windows NT 5.1) AppleWebKit/535.2 (KHTML, like Gecko) Chrome/15.0.874.106 Safari/535.2"
123.125.166.53 - - [15/Nov/2011:19:02:56 +0800] "GET /?paged=2 HTTP/1.1" 200 1043 "http://www.google.com.hk/url?sa=t&rct=j&q=thinkpad%2B%25E7%25B3%25BB%25E7%25BB%259F%25E9%2587%258D%25E5%2590%25AF%2B%25E5%2587%25BA%25E7%258E%25B0boot%2Berror&source=web&cd=38&ved=0CGEQFjAHOB4&url=http%3A%2F%2Fzhangchi.de%2F%3Fpaged%3D2&ei=IkTCTq71NomriAf76qmRDg&usg=AFQjCNGuuPyHpGrzWdggkFASfPsXCLR1nQ&cad=rjt" "Mozilla/5.0 (Windows NT 5.1) AppleWebKit/535.2 (KHTML, like Gecko) Chrome/15.0.874.106 Safari/535.2"
123.125.166.53 - - [15/Nov/2011:19:02:56 +0800] "GET /favicon.ico HTTP/1.1" 200 1043 "-" "Mozilla/5.0 (Windows NT 5.1) AppleWebKit/535.2 (KHTML, like Gecko) Chrome/15.0.874.106 Safari/535.2"
209.85.238.246 - - [15/Nov/2011:19:03:42 +0800] "GET /?feed=rss2 HTTP/1.1" 200 1043 "-" "Feedfetcher-Google; (+http://www.google.com/feedfetcher.html; 4 subscribers; feed-id=18364359641218126938)"
61.135.190.220 - - [15/Nov/2011:19:53:52 +0800] "GET /wp-content/uploads/2010/08/2010-08-07 HTTP/1.0" 200 2051 "http://image.baidu.com/" "Mozilla/4.0i(compatible;MSIE 6.0)"
209.85.238.246 - - [15/Nov/2011:20:03:52 +0800] "GET /?feed=rss2 HTTP/1.1" 200 1043 "-" "Feedfetcher-Google; (+http://www.google.com/feedfetcher.html; 4 subscribers; feed-id=18364359641218126938)"
184.172.0.211 - - [15/Nov/2011:20:49:50 +0800] "GET //?p=210 HTTP/1.1" 200 2063 "-" "Mozilla/5.0 (Macintosh; U; Intel Mac OS X 10.5; en-US; rv:1.9.0.7) Gecko/2009021906 Firefox/3.0.7"
60.166.166.22 - - [15/Nov/2011:20:50:26 +0800] "GET /?p=210 HTTP/1.1" 200 1043 "http://www.instapaper.com/text?u=http%3A%2F%2Fzhangchi.de%2F%3Fp%3D210&article=217178650" "Mozilla/5.0 (Windows NT 5.1) AppleWebKit/535.2 (KHTML, like Gecko) Chrome/15.0.874.120 Safari/535.2"
60.166.166.22 - - [15/Nov/2011:20:50:27 +0800] "GET /favicon.ico HTTP/1.1" 200 1043 "-" "Mozilla/5.0 (Windows NT 5.1) AppleWebKit/535.2 (KHTML, like Gecko) Chrome/15.0.874.120 Safari/535.2"
209.85.238.246 - - [15/Nov/2011:21:03:53 +0800] "GET /?feed=rss2 HTTP/1.1" 200 1043 "-" "Feedfetcher-Google; (+http://www.google.com/feedfetcher.html; 4 subscribers; feed-id=18364359641218126938)"
209.85.238.246 - - [15/Nov/2011:22:04:02 +0800] "GET /?feed=rss2 HTTP/1.1" 200 1043 "-" "Feedfetcher-Google; (+http://www.google.com/feedfetcher.html; 4 subscribers; feed-id=18364359641218126938)"
220.181.108.178 - - [15/Nov/2011:22:28:54 +0800] "GET / HTTP/1.1" 200 2063 "-" "Mozilla/5.0 (compatible; Baiduspider/2.0; +http://www.baidu.com/search/spider.html)"
123.125.71.97 - - [15/Nov/2011:22:29:04 +0800] "GET / HTTP/1.1" 200 2063 "-" "Mozilla/5.0 (compatible; Baiduspider/2.0; +http://www.baidu.com/search/spider.html)"
123.125.71.22 - - [15/Nov/2011:22:32:59 +0800] "GET /?p=148 HTTP/1.1" 200 1043 "-" "Mozilla/5.0 (compatible; Baiduspider/2.0; +http://www.baidu.com/search/spider.html)"
123.125.71.20 - - [15/Nov/2011:22:33:02 +0800] "GET / HTTP/1.1" 200 1043 "-" "Mozilla/5.0 (compatible; Baiduspider/2.0; +http://www.baidu.com/search/spider.html)"
124.115.6.16 - - [15/Nov/2011:22:50:51 +0800] "GET /robots.txt HTTP/1.1" 200 1043 "-" "Sosospider+(+http://help.soso.com/webspider.htm)"
66.249.69.214 - - [15/Nov/2011:22:52:20 +0800] "GET /wp-trackback.php?p=195 HTTP/1.1" 200 1043 "-" "Mozilla/5.0 (compatible; Googlebot/2.1; +http://www.google.com/bot.html)"
209.85.238.246 - - [15/Nov/2011:23:04:02 +0800] "GET /?feed=rss2 HTTP/1.1" 200 1043 "-" "Feedfetcher-Google; (+http://www.google.com/feedfetcher.html; 4 subscribers; feed-id=18364359641218126938)"
65.52.110.151 - - [15/Nov/2011:23:52:31 +0800] "GET /robots.txt HTTP/1.1" 200 2063 "-" "Mozilla/5.0 (compatible; bingbot/2.0; +http://www.bing.com/bingbot.htm)"
65.52.110.151 - - [15/Nov/2011:23:53:20 +0800] "GET /?cat=1 HTTP/1.1" 200 1043 "-" "Mozilla/5.0 (compatible; bingbot/2.0; +http://www.bing.com/bingbot.htm)"
72.14.199.193 - - [16/Nov/2011:00:04:12 +0800] "GET /?feed=rss2 HTTP/1.1" 200 1043 "-" "Feedfetcher-Google; (+http://www.google.com/feedfetcher.html; 4 subscribers; feed-id=18364359641218126938)"
123.125.71.104 - - [16/Nov/2011:00:28:50 +0800] "GET /?p=20 HTTP/1.1" 200 1043 "-" "Mozilla/5.0 (compatible; Baiduspider/2.0; +http://www.baidu.com/search/spider.html)"
184.172.0.211 - - [16/Nov/2011:00:34:55 +0800] "GET //?p=210 HTTP/1.1" 200 2063 "-" "Mozilla/5.0 (Macintosh; U; Intel Mac OS X 10.5; en-US; rv:1.9.0.7) Gecko/2009021906 Firefox/3.0.7"
124.115.0.159 - - [16/Nov/2011:00:51:49 +0800] "GET /?p=28 HTTP/1.1" 200 1043 "-" "Sosospider+(+http://help.soso.com/webspider.htm)"
124.115.4.191 - - [16/Nov/2011:01:04:08 +0800] "GET /?p=91 HTTP/1.1" 200 1043 "-" "Sosospider+(+http://help.soso.com/webspider.htm)"
72.14.199.193 - - [16/Nov/2011:01:04:22 +0800] "GET /?feed=rss2 HTTP/1.1" 200 1043 "-" "Feedfetcher-Google; (+http://www.google.com/feedfetcher.html; 4 subscribers; feed-id=18364359641218126938)"
123.125.71.95 - - [16/Nov/2011:01:27:12 +0800] "GET / HTTP/1.1" 200 2063 "-" "Mozilla/5.0 (compatible; Baiduspider/2.0; +http://www.baidu.com/search/spider.html)"
124.115.0.26 - - [16/Nov/2011:01:36:45 +0800] "GET / HTTP/1.1" 200 1043 "-" "Sosospider+(+http://help.soso.com/webspider.htm)"
124.115.0.104 - - [16/Nov/2011:01:55:41 +0800] "GET /?p=128 HTTP/1.1" 200 1043 "-" "Sosospider+(+http://help.soso.com/webspider.htm)"
72.14.199.193 - - [16/Nov/2011:02:04:32 +0800] "GET /?feed=rss2 HTTP/1.1" 200 1043 "-" "Feedfetcher-Google; (+http://www.google.com/feedfetcher.html; 4 subscribers; feed-id=18364359641218126938)"
123.125.71.34 - - [16/Nov/2011:02:31:10 +0800] "GET /?paged=2 HTTP/1.1" 200 1043 "-" "Mozilla/5.0 (compatible; Baiduspider/2.0; +http://www.baidu.com/search/spider.html)"
72.14.199.193 - - [16/Nov/2011:03:04:42 +0800] "GET /?feed=rss2 HTTP/1.1" 200 1043 "-" "Feedfetcher-Google; (+http://www.google.com/feedfetcher.html; 4 subscribers; feed-id=18364359641218126938)"
210.14.71.82 - - [16/Nov/2011:03:40:04 +0800] "GET /foihup_BookPicPro.asp HTTP/1.1" 200 2063 "-" "Mozilla/4.0"
72.14.199.193 - - [16/Nov/2011:04:04:42 +0800] "GET /?feed=rss2 HTTP/1.1" 200 1043 "-" "Feedfetcher-Google; (+http://www.google.com/feedfetcher.html; 4 subscribers; feed-id=18364359641218126938)"
123.125.71.71 - - [16/Nov/2011:04:33:18 +0800] "GET /?tag=titanium HTTP/1.1" 200 1043 "-" "Mozilla/5.0 (compatible; Baiduspider/2.0; +http://www.baidu.com/search/spider.html)"
74.207.246.225 - - [16/Nov/2011:04:37:56 +0800] "GET //index.php HTTP/1.1" 200 1043 "-" "-"
74.207.246.225 - - [16/Nov/2011:04:38:02 +0800] "GET //admin/phpmyadmin/index.php HTTP/1.1" 200 1043 "-" "-"
74.207.246.225 - - [16/Nov/2011:04:38:06 +0800] "GET //dbadmin/index.php HTTP/1.1" 200 1043 "-" "-"
74.207.246.225 - - [16/Nov/2011:04:38:12 +0800] "GET //mysqladmin/index.php HTTP/1.1" 200 1043 "-" "-"
74.207.246.225 - - [16/Nov/2011:04:38:12 +0800] "GET //typo3/phpmyadmin/index.php HTTP/1.1" 200 1043 "-" "-"
74.207.246.225 - - [16/Nov/2011:04:38:12 +0800] "GET //phpadmin/index.php HTTP/1.1" 200 1043 "-" "-"
74.207.246.225 - - [16/Nov/2011:04:38:13 +0800] "GET //phpMyAdmin/index.php HTTP/1.1" 200 1043 "-" "-"
74.207.246.225 - - [16/Nov/2011:04:38:13 +0800] "GET //phpmyadmin/index.php HTTP/1.1" 200 1043 "-" "-"
74.207.246.225 - - [16/Nov/2011:04:38:13 +0800] "GET //phpmyadmin1/index.php HTTP/1.1" 200 1043 "-" "-"
74.207.246.225 - - [16/Nov/2011:04:38:13 +0800] "GET //phpmyadmin2/index.php HTTP/1.1" 200 1043 "-" "-"
74.207.246.225 - - [16/Nov/2011:04:38:14 +0800] "GET //pma/index.php HTTP/1.1" 200 1043 "-" "-"
74.207.246.225 - - [16/Nov/2011:04:38:14 +0800] "GET //web/phpMyAdmin/index.php HTTP/1.1" 200 1043 "-" "-"
74.207.246.225 - - [16/Nov/2011:04:38:14 +0800] "GET //xampp/phpmyadmin/index.php HTTP/1.1" 200 1043 "-" "-"
74.207.246.225 - - [16/Nov/2011:04:38:14 +0800] "GET //web/index.php HTTP/1.1" 200 1043 "-" "-"
74.207.246.225 - - [16/Nov/2011:04:38:15 +0800] "GET //php-my-admin/index.php HTTP/1.1" 200 1043 "-" "-"
74.207.246.225 - - [16/Nov/2011:04:38:15 +0800] "GET //websql/index.php HTTP/1.1" 200 1043 "-" "-"
74.207.246.225 - - [16/Nov/2011:04:38:15 +0800] "GET //phpmyadmin/index.php HTTP/1.1" 200 1043 "-" "-"
74.207.246.225 - - [16/Nov/2011:04:38:15 +0800] "GET //phpMyAdmin/index.php HTTP/1.1" 200 1043 "-" "-"
74.207.246.225 - - [16/Nov/2011:04:38:15 +0800] "GET //phpMyAdmin-2/index.php HTTP/1.1" 200 1043 "-" "-"
74.207.246.225 - - [16/Nov/2011:04:38:16 +0800] "GET //php-my-admin/index.php HTTP/1.1" 200 1043 "-" "-"
74.207.246.225 - - [16/Nov/2011:04:38:16 +0800] "GET //phpMyAdmin-2.2.3/index.php HTTP/1.1" 200 1043 "-" "-"
74.207.246.225 - - [16/Nov/2011:04:38:16 +0800] "GET //phpMyAdmin-2.2.6/index.php HTTP/1.1" 200 1043 "-" "-"
74.207.246.225 - - [16/Nov/2011:04:38:16 +0800] "GET //phpMyAdmin-2.5.1/index.php HTTP/1.1" 200 1043 "-" "-"
74.207.246.225 - - [16/Nov/2011:04:38:17 +0800] "GET //phpMyAdmin-2.5.4/index.php HTTP/1.1" 200 1043 "-" "-"
74.207.246.225 - - [16/Nov/2011:04:38:17 +0800] "GET //phpMyAdmin-2.5.5-rc1/index.php HTTP/1.1" 200 1043 "-" "-"
74.207.246.225 - - [16/Nov/2011:04:38:17 +0800] "GET //phpMyAdmin-2.5.5-rc2/index.php HTTP/1.1" 200 1043 "-" "-"
74.207.246.225 - - [16/Nov/2011:04:38:17 +0800] "GET //phpMyAdmin-2.5.5/index.php HTTP/1.1" 200 1043 "-" "-"
74.207.246.225 - - [16/Nov/2011:04:38:18 +0800] "GET //phpMyAdmin-2.5.5-pl1/index.php HTTP/1.1" 200 1043 "-" "-"
74.207.246.225 - - [16/Nov/2011:04:38:18 +0800] "GET //phpMyAdmin-2.5.6-rc1/index.php HTTP/1.1" 200 1043 "-" "-"
74.207.246.225 - - [16/Nov/2011:04:38:18 +0800] "GET //phpMyAdmin-2.5.6-rc2/index.php HTTP/1.1" 200 1043 "-" "-"
74.207.246.225 - - [16/Nov/2011:04:38:18 +0800] "GET //phpMyAdmin-2.5.6/index.php HTTP/1.1" 200 1043 "-" "-"
74.207.246.225 - - [16/Nov/2011:04:38:19 +0800] "GET //phpMyAdmin-2.5.7/index.php HTTP/1.1" 200 1043 "-" "-"
74.207.246.225 - - [16/Nov/2011:04:38:19 +0800] "GET //phpMyAdmin-2.5.7-pl1/index.php HTTP/1.1" 200 1043 "-" "-"
180.76.6.230 - - [16/Nov/2011:04:45:56 +0800] "GET /robots.txt HTTP/1.1" 200 1043 "-" "Baiduspider+(+http://www.baidu.com/search/spider.htm)"
72.14.199.193 - - [16/Nov/2011:05:04:52 +0800] "GET /?feed=rss2 HTTP/1.1" 200 1043 "-" "Feedfetcher-Google; (+http://www.google.com/feedfetcher.html; 4 subscribers; feed-id=18364359641218126938)"
123.125.71.99 - - [16/Nov/2011:05:27:49 +0800] "GET / HTTP/1.1" 200 2063 "-" "Mozilla/5.0 (compatible; Baiduspider/2.0; +http://www.baidu.com/search/spider.html)"
220.181.108.175 - - [16/Nov/2011:05:28:05 +0800] "GET / HTTP/1.1" 200 2063 "-" "Mozilla/5.0 (compatible; Baiduspider/2.0; +http://www.baidu.com/search/spider.html)"
72.14.199.193 - - [16/Nov/2011:06:04:52 +0800] "GET /?feed=rss2 HTTP/1.1" 200 1043 "-" "Feedfetcher-Google; (+http://www.google.com/feedfetcher.html; 4 subscribers; feed-id=18364359641218126938)"
72.14.199.193 - - [16/Nov/2011:07:05:02 +0800] "GET /?feed=rss2 HTTP/1.1" 200 1043 "-" "Feedfetcher-Google; (+http://www.google.com/feedfetcher.html; 4 subscribers; feed-id=18364359641218126938)"
123.125.71.100 - - [16/Nov/2011:07:24:48 +0800] "GET / HTTP/1.1" 200 2063 "-" "Mozilla/5.0 (compatible; Baiduspider/2.0; +http://www.baidu.com/search/spider.html)"
220.181.108.172 - - [16/Nov/2011:07:24:55 +0800] "GET / HTTP/1.1" 200 2063 "-" "Mozilla/5.0 (compatible; Baiduspider/2.0; +http://www.baidu.com/search/spider.html)"
72.14.199.193 - - [16/Nov/2011:08:05:12 +0800] "GET /?feed=rss2 HTTP/1.1" 200 1043 "-" "Feedfetcher-Google; (+http://www.google.com/feedfetcher.html; 4 subscribers; feed-id=18364359641218126938)"
123.125.71.110 - - [16/Nov/2011:08:23:54 +0800] "GET / HTTP/1.1" 200 2063 "-" "Mozilla/5.0 (compatible; Baiduspider/2.0; +http://www.baidu.com/search/spider.html)"
220.181.108.168 - - [16/Nov/2011:08:24:01 +0800] "GET / HTTP/1.1" 200 2063 "-" "Mozilla/5.0 (compatible; Baiduspider/2.0; +http://www.baidu.com/search/spider.html)"
123.125.71.24 - - [16/Nov/2011:08:30:22 +0800] "GET /?page_id=2 HTTP/1.1" 200 1043 "-" "Mozilla/5.0 (compatible; Baiduspider/2.0; +http://www.baidu.com/search/spider.html)"
72.14.199.193 - - [16/Nov/2011:09:05:12 +0800] "GET /?feed=rss2 HTTP/1.1" 200 1043 "-" "Feedfetcher-Google; (+http://www.google.com/feedfetcher.html; 4 subscribers; feed-id=18364359641218126938)"
66.249.71.80 - - [16/Nov/2011:09:56:57 +0800] "GET /robots.txt HTTP/1.1" 200 1043 "-" "Mozilla/5.0 (compatible; Googlebot/2.1; +http://www.google.com/bot.html)"
66.249.71.80 - - [16/Nov/2011:09:56:57 +0800] "GET /?tag=bookofspeed HTTP/1.1" 200 1043 "-" "Mozilla/5.0 (compatible; Googlebot/2.1; +http://www.google.com/bot.html)"
72.14.199.193 - - [16/Nov/2011:10:05:22 +0800] "GET /?feed=rss2 HTTP/1.1" 200 1043 "-" "Feedfetcher-Google; (+http://www.google.com/feedfetcher.html; 4 subscribers; feed-id=18364359641218126938)"
72.14.199.193 - - [16/Nov/2011:11:05:22 +0800] "GET /?feed=rss2 HTTP/1.1" 200 1043 "-" "Feedfetcher-Google; (+http://www.google.com/feedfetcher.html; 4 subscribers; feed-id=18364359641218126938)"
31.128.83.225 - - [16/Nov/2011:11:19:02 +0800] "GET / HTTP/1.0" 200 2051 "http://zhangchi.de/" "Mozilla/4.0 (compatible; MSIE 6.0; Windows NT 5.1; SV1; .NET CLR 1.1.4322) NS8/0.9.6"
72.14.199.193 - - [16/Nov/2011:12:05:22 +0800] "GET /?feed=rss2 HTTP/1.1" 200 1043 "-" "Feedfetcher-Google; (+http://www.google.com/feedfetcher.html; 4 subscribers; feed-id=18364359641218126938)"
66.249.71.80 - - [16/Nov/2011:12:11:35 +0800] "GET /robots.txt HTTP/1.1" 200 1043 "-" "Mozilla/5.0 (compatible; Googlebot/2.1; +http://www.google.com/bot.html)"
66.249.71.80 - - [16/Nov/2011:12:11:35 +0800] "GET /wp-trackback.php?p=128 HTTP/1.1" 200 1043 "-" "Mozilla/5.0 (compatible; Googlebot/2.1; +http://www.google.com/bot.html)"
207.46.204.233 - - [16/Nov/2011:13:00:36 +0800] "GET /robots.txt HTTP/1.1" 200 2063 "-" "Mozilla/5.0 (compatible; bingbot/2.0; +http://www.bing.com/bingbot.htm)"
72.14.199.193 - - [16/Nov/2011:13:05:32 +0800] "GET /?feed=rss2 HTTP/1.1" 200 1043 "-" "Feedfetcher-Google; (+http://www.google.com/feedfetcher.html; 4 subscribers; feed-id=18364359641218126938)"
207.46.204.233 - - [16/Nov/2011:13:10:20 +0800] "GET /?p=28 HTTP/1.1" 200 1043 "-" "Mozilla/5.0 (compatible; bingbot/2.0; +http://www.bing.com/bingbot.htm)"
124.205.66.194 - - [16/Nov/2011:13:43:58 +0800] "GET / HTTP/1.1" 200 1043 "-" "Mozilla/5.0 (Macintosh; Intel Mac OS X 10_7_2) AppleWebKit/535.2 (KHTML, like Gecko) Chrome/15.0.874.120 Safari/535.2"
124.205.66.194 - - [16/Nov/2011:13:43:59 +0800] "GET /favicon.ico HTTP/1.1" 200 1043 "-" "Mozilla/5.0 (Macintosh; Intel Mac OS X 10_7_2) AppleWebKit/535.2 (KHTML, like Gecko) Chrome/15.0.874.120 Safari/535.2"
124.205.66.194 - - [16/Nov/2011:13:46:46 +0800] "GET /blog HTTP/1.1" 301 185 "-" "Mozilla/5.0 (Macintosh; Intel Mac OS X 10_7_2) AppleWebKit/535.2 (KHTML, like Gecko) Chrome/15.0.874.120 Safari/535.2"
106.187.37.227 - - [16/Nov/2011:13:46:47 +0800] "POST /blog/wp-cron.php?doing_wp_cron HTTP/1.0" 499 0 "-" "WordPress/3.0; http://zhangchi.de"
124.205.66.194 - - [16/Nov/2011:13:46:47 +0800] "GET /blog/ HTTP/1.1" 200 19244 "-" "Mozilla/5.0 (Macintosh; Intel Mac OS X 10_7_2) AppleWebKit/535.2 (KHTML, like Gecko) Chrome/15.0.874.120 Safari/535.2"
124.205.66.194 - - [16/Nov/2011:13:46:48 +0800] "GET /blog/wp-content/themes/cleanr/css/reset.css HTTP/1.1" 200 648 "http://zhangchi.de/blog/" "Mozilla/5.0 (Macintosh; Intel Mac OS X 10_7_2) AppleWebKit/535.2 (KHTML, like Gecko) Chrome/15.0.874.120 Safari/535.2"
124.205.66.194 - - [16/Nov/2011:13:46:48 +0800] "GET /blog/wp-content/themes/cleanr/css/text.css HTTP/1.1" 200 420 "http://zhangchi.de/blog/" "Mozilla/5.0 (Macintosh; Intel Mac OS X 10_7_2) AppleWebKit/535.2 (KHTML, like Gecko) Chrome/15.0.874.120 Safari/535.2"
124.205.66.194 - - [16/Nov/2011:13:46:48 +0800] "GET /blog/wp-content/themes/cleanr/css/960.css HTTP/1.1" 200 3628 "http://zhangchi.de/blog/" "Mozilla/5.0 (Macintosh; Intel Mac OS X 10_7_2) AppleWebKit/535.2 (KHTML, like Gecko) Chrome/15.0.874.120 Safari/535.2"
124.205.66.194 - - [16/Nov/2011:13:46:48 +0800] "GET /blog/wp-content/themes/cleanr/images/rss_feed.png HTTP/1.1" 200 2688 "http://zhangchi.de/blog/" "Mozilla/5.0 (Macintosh; Intel Mac OS X 10_7_2) AppleWebKit/535.2 (KHTML, like Gecko) Chrome/15.0.874.120 Safari/535.2"
124.205.66.194 - - [16/Nov/2011:13:46:53 +0800] "GET /favicon.ico HTTP/1.1" 200 1043 "-" "Mozilla/5.0 (Macintosh; Intel Mac OS X 10_7_2) AppleWebKit/535.2 (KHTML, like Gecko) Chrome/15.0.874.120 Safari/535.2"
72.14.199.193 - - [16/Nov/2011:14:05:42 +0800] "GET /?feed=rss2 HTTP/1.1" 200 1043 "-" "Feedfetcher-Google; (+http://www.google.com/feedfetcher.html; 4 subscribers; feed-id=18364359641218126938)"
